<!DOCTYPE html>
<html>
<head>
  <title>I am a tree</title>
  <link rel='stylesheet' href='/stylesheets/core.css' />
</head>
<body>
<h1>I am a tree</h1>
<ul>
  <li>
  <b>Branch1</b>
  <ul>
  <li>
  <b>Branch1-1</b>

</li>
<li>
  <b>Branch1-2</b>
  <ul>
  <li>
  <b>Branch1-2-1</b>

</li>
<li>
  <b>Branch1-2-2</b>

</li>
<li>
  <b>Branch1-2-3</b>

</li>
</ul>
</li>
<li>
  <b>Branch1-3</b>

</li>
</ul>
</li>
<li>
  <b>Branch2</b>
  <ul>
  <li>
  <b>Branch2-1</b>

</li>
<li>
  <b>Branch2-2</b>

</li>
<li>
  <b>Branch2-3</b>

</li>
<li>
  <b>Branch2-4</b>

</li>
</ul>
</li>
<li>
  <b>Branch3</b>

</li>
</ul>
<footer>

</footer>
</body>
</html>